[06:36:10] 38 distinct failed ids, 34 still missing, retrying up to cap=34
[06:36:10]   [1/34] OK leetcode/1vypi4k body=382 comments=0
[06:36:28]   [2/34] FAIL snowflake/1uhoymq: HTTP Error 429: Too Many Requests
[06:36:50]   [3/34] FAIL leetcode/1uba5vg: HTTP Error 429: Too Many Requests
[06:37:02]   [4/34] OK leetcode/1tw76w5 body=140 comments=6
[06:37:31]   [5/34] FAIL snowflake/1tjwx5b: HTTP Error 429: Too Many Requests
[06:37:55]   [6/34] FAIL snowflake/1td9ais: HTTP Error 429: Too Many Requests
[06:38:05]   [7/34] OK leetcode/1t7oiqm body=215 comments=53
[06:38:27]   [8/34] FAIL snowflake/1t7jdms: HTTP Error 429: Too Many Requests
[06:38:49]   [9/34] FAIL csMajors/1t0khoz: HTTP Error 429: Too Many Requests
[06:39:01]   [10/34] OK leetcode/1t0ex9v body=53 comments=0
[06:39:24]   [11/34] FAIL csMajors/1t0ex3a: HTTP Error 429: Too Many Requests
[06:39:49]   [12/34] FAIL cscareerquestions/1sya5g8: HTTP Error 429: Too Many Requests
[06:40:05]   [13/34] OK leetcode/1ssbx68 body=54 comments=0
[06:40:29]   [14/34] OK csMajors/1sloaqb body=378 comments=3
[06:40:47]   [15/34] FAIL csMajors/1sks9ov: HTTP Error 429: Too Many Requests
[06:41:01]   [16/34] OK csMajors/1sfaybm body=196 comments=4
[06:41:27]   [17/34] FAIL snowflake/1s8z9a5: HTTP Error 429: Too Many Requests
[06:41:54]   [18/34] FAIL snowflake/1s40ics: HTTP Error 429: Too Many Requests
[06:42:03]   [19/34] OK leetcode/1s2xtox body=665 comments=19
[06:42:26]   [20/34] FAIL leetcode/1rq07e1: HTTP Error 429: Too Many Requests
[06:42:52]   [21/34] FAIL leetcode/1rmabxv: HTTP Error 429: Too Many Requests
[06:43:01]   [22/34] OK leetcode/1r0f7an body=103 comments=3
[06:43:22]   [23/34] FAIL leetcode/1qxztem: HTTP Error 429: Too Many Requests
[06:43:46]   [24/34] FAIL csMajors/1qhs1f7: HTTP Error 429: Too Many Requests
[06:44:00]   [25/34] OK leetcode/1qf7zza body=464 comments=5
[06:44:20]   [26/34] FAIL leetcode/1q2gop8: HTTP Error 429: Too Many Requests
[06:44:45]   [27/34] FAIL snowflake/1pzon7l: HTTP Error 429: Too Many Requests
[06:45:00]   [28/34] OK csMajors/1p2lbzt body=52 comments=1
[06:45:25]   [29/34] FAIL leetcode/1ozxidc: HTTP Error 429: Too Many Requests
[06:45:50]   [30/34] FAIL csMajors/1ou3uir: HTTP Error 429: Too Many Requests
[06:46:01]   [31/34] OK csMajors/1o39zl9 body=221 comments=7
[06:46:22]   [32/34] FAIL leetcode/1nkj70o: HTTP Error 429: Too Many Requests
[06:46:41]   [33/34] FAIL leetcode/1lxqn3q: HTTP Error 429: Too Many Requests
[06:47:03]   [34/34] OK csMajors/1kl5aph body=327 comments=7
[06:47:12] DONE: total saved posts now 35 (this run: 13/34 ok)
