[05:37:03] reddit r/leetcode 'snowflake interview' -> 25 (new 25, total 25)
[05:37:07] reddit r/leetcode 'snowflake oa' -> 14 (new 11, total 36)
[05:37:23] reddit r/leetcode 'snowflake online assessment' -> 0 (new 0, total 36)
[05:37:44] reddit r/leetcode 'snowflake onsite' -> 0 (new 0, total 36)
[05:38:00] reddit r/leetcode 'snowflake phone screen' -> 25 (new 25, total 61)
[05:38:15] reddit r/leetcode 'snowflake hackerrank' -> 0 (new 0, total 61)
[05:38:34] reddit r/leetcode 'snowflake codesignal' -> 0 (new 0, total 61)
[05:38:48] reddit r/leetcode 'snowflake new grad' -> 0 (new 0, total 61)
[05:39:03] reddit r/leetcode 'snowflake intern' -> 18 (new 8, total 69)
[05:39:24] reddit r/leetcode 'snowflake system design' -> 0 (new 0, total 69)
[05:39:43] reddit r/leetcode 'snowflake offer' -> 0 (new 0, total 69)
[05:40:02] reddit r/leetcode 'snowflake rejected' -> 6 (new 4, total 73)
[05:40:19] reddit r/leetcode 'snowflake ic1' -> 0 (new 0, total 73)
[05:40:40] reddit r/leetcode 'snowflake ic2' -> 0 (new 0, total 73)
[05:40:57] reddit r/leetcode 'snowflake backend interview' -> 0 (new 0, total 73)
[05:41:01] reddit r/leetcode 'snowflake chakra' -> 1 (new 0, total 73)
[05:41:20] reddit r/leetcode 'snowflake ai interview' -> 0 (new 0, total 73)
[05:41:24] == r/leetcode done: 73 unique posts -> reddit_leetcode_2026-09-13.json
[05:41:39] reddit r/cscareerquestions 'snowflake interview' -> 0 (new 0, total 0)
[05:41:46] reddit r/cscareerquestions 'snowflake oa' -> 4 (new 4, total 4)
[05:42:06] reddit r/cscareerquestions 'snowflake online assessment' -> 25 (new 25, total 29)
[05:42:26] reddit r/cscareerquestions 'snowflake onsite' -> 0 (new 0, total 29)
[05:42:41] reddit r/cscareerquestions 'snowflake phone screen' -> 0 (new 0, total 29)
[05:42:56] reddit r/cscareerquestions 'snowflake hackerrank' -> 0 (new 0, total 29)
[05:43:01] reddit r/cscareerquestions 'snowflake codesignal' -> 0 (new 0, total 29)
[05:43:20] reddit r/cscareerquestions 'snowflake new grad' -> 0 (new 0, total 29)
[05:43:35] reddit r/cscareerquestions 'snowflake intern' -> 0 (new 0, total 29)
[05:43:50] reddit r/cscareerquestions 'snowflake system design' -> 0 (new 0, total 29)
[05:44:02] reddit r/cscareerquestions 'snowflake offer' -> 23 (new 23, total 52)
[05:44:20] reddit r/cscareerquestions 'snowflake rejected' -> 0 (new 0, total 52)
[05:44:36] reddit r/cscareerquestions 'snowflake ic1' -> 0 (new 0, total 52)
[05:44:59] reddit r/cscareerquestions 'snowflake ic2' -> 0 (new 0, total 52)
[05:45:03] reddit r/cscareerquestions 'snowflake backend interview' -> 25 (new 25, total 77)
[05:45:20] reddit r/cscareerquestions 'snowflake chakra' -> 0 (new 0, total 77)
[05:45:40] reddit r/cscareerquestions 'snowflake ai interview' -> 0 (new 0, total 77)
[05:45:43] == r/cscareerquestions done: 77 unique posts -> reddit_cscareerquestions_2026-09-13.json
[05:45:58] reddit r/csMajors 'snowflake interview' -> 0 (new 0, total 0)
[05:46:02] reddit r/csMajors 'snowflake oa' -> 25 (new 25, total 25)
[05:46:21] reddit r/csMajors 'snowflake online assessment' -> 0 (new 0, total 25)
[05:46:34] reddit r/csMajors 'snowflake onsite' -> 0 (new 0, total 25)
[05:46:48] reddit r/csMajors 'snowflake phone screen' -> 0 (new 0, total 25)
[05:47:08] reddit r/csMajors 'snowflake hackerrank' -> 21 (new 17, total 42)
[05:47:27] reddit r/csMajors 'snowflake codesignal' -> 0 (new 0, total 42)
[05:47:50] reddit r/csMajors 'snowflake new grad' -> 0 (new 0, total 42)
[05:48:02] reddit r/csMajors 'snowflake intern' -> 25 (new 17, total 59)
[05:48:21] reddit r/csMajors 'snowflake system design' -> 0 (new 0, total 59)
[05:48:43] reddit r/csMajors 'snowflake offer' -> 0 (new 0, total 59)
[05:48:59] reddit r/csMajors 'snowflake rejected' -> 0 (new 0, total 59)
[05:49:03] reddit r/csMajors 'snowflake ic1' -> 3 (new 2, total 61)
[05:49:17] reddit r/csMajors 'snowflake ic2' -> 0 (new 0, total 61)
[05:49:35] reddit r/csMajors 'snowflake backend interview' -> 0 (new 0, total 61)
[05:49:55] reddit r/csMajors 'snowflake chakra' -> 0 (new 0, total 61)
[05:50:02] reddit r/csMajors 'snowflake ai interview' -> 25 (new 25, total 86)
[05:50:05] == r/csMajors done: 86 unique posts -> reddit_csMajors_2026-09-13.json
[05:50:19] reddit r/ExperiencedDevs 'snowflake interview' -> 0 (new 0, total 0)
[05:50:43] reddit r/ExperiencedDevs 'snowflake oa' -> 0 (new 0, total 0)
[05:51:05] reddit r/ExperiencedDevs 'snowflake online assessment' -> 18 (new 18, total 18)
[05:51:18] reddit r/ExperiencedDevs 'snowflake onsite' -> 0 (new 0, total 18)
[05:51:35] reddit r/ExperiencedDevs 'snowflake phone screen' -> 0 (new 0, total 18)
[05:51:57] reddit r/ExperiencedDevs 'snowflake hackerrank' -> 0 (new 0, total 18)
[05:52:01] reddit r/ExperiencedDevs 'snowflake codesignal' -> 0 (new 0, total 18)
[05:52:15] reddit r/ExperiencedDevs 'snowflake new grad' -> 0 (new 0, total 18)
[05:52:31] reddit r/ExperiencedDevs 'snowflake intern' -> 0 (new 0, total 18)
[05:52:54] reddit r/ExperiencedDevs 'snowflake system design' -> 0 (new 0, total 18)
[05:53:05] reddit r/ExperiencedDevs 'snowflake offer' -> 0 (new 0, total 18)
[05:53:25] reddit r/ExperiencedDevs 'snowflake rejected' -> 0 (new 0, total 18)
[05:53:38] reddit r/ExperiencedDevs 'snowflake ic1' -> 0 (new 0, total 18)
[05:53:55] reddit r/ExperiencedDevs 'snowflake ic2' -> 0 (new 0, total 18)
[05:54:01] reddit r/ExperiencedDevs 'snowflake backend interview' -> 25 (new 25, total 43)
[05:54:23] reddit r/ExperiencedDevs 'snowflake chakra' -> 0 (new 0, total 43)
[05:54:44] reddit r/ExperiencedDevs 'snowflake ai interview' -> 0 (new 0, total 43)
[05:54:48] == r/ExperiencedDevs done: 43 unique posts -> reddit_ExperiencedDevs_2026-09-13.json
[05:55:05] reddit r/snowflake 'snowflake interview' -> 25 (new 25, total 25)
[05:55:20] reddit r/snowflake 'snowflake oa' -> 0 (new 0, total 25)
[05:55:39] reddit r/snowflake 'snowflake online assessment' -> 0 (new 0, total 25)
[05:55:52] reddit r/snowflake 'snowflake onsite' -> 0 (new 0, total 25)
[05:56:03] reddit r/snowflake 'snowflake phone screen' -> 25 (new 22, total 47)
[05:56:20] reddit r/snowflake 'snowflake hackerrank' -> 0 (new 0, total 47)
[05:56:37] reddit r/snowflake 'snowflake codesignal' -> 0 (new 0, total 47)
[05:56:54] reddit r/snowflake 'snowflake new grad' -> 0 (new 0, total 47)
[05:57:00] reddit r/snowflake 'snowflake intern' -> 25 (new 25, total 72)
[05:57:19] reddit r/snowflake 'snowflake system design' -> 0 (new 0, total 72)
[05:57:32] reddit r/snowflake 'snowflake offer' -> 0 (new 0, total 72)
[05:57:53] reddit r/snowflake 'snowflake rejected' -> 0 (new 0, total 72)
[05:58:02] reddit r/snowflake 'snowflake ic1' -> 1 (new 1, total 73)
[05:58:20] reddit r/snowflake 'snowflake ic2' -> 0 (new 0, total 73)
[05:58:40] reddit r/snowflake 'snowflake backend interview' -> 0 (new 0, total 73)
[05:58:53] reddit r/snowflake 'snowflake chakra' -> 0 (new 0, total 73)
[05:59:02] reddit r/snowflake 'snowflake ai interview' -> 25 (new 17, total 90)
[05:59:05] == r/snowflake done: 90 unique posts -> reddit_snowflake_2026-09-13.json
[05:59:21] reddit r/dataengineering 'snowflake interview' -> 0 (new 0, total 0)
[05:59:37] reddit r/dataengineering 'snowflake oa' -> 0 (new 0, total 0)
[05:59:57] reddit r/dataengineering 'snowflake online assessment' -> 0 (new 0, total 0)
[06:00:01] reddit r/dataengineering 'snowflake onsite' -> 1 (new 1, total 1)
[06:00:16] reddit r/dataengineering 'snowflake phone screen' -> 0 (new 0, total 1)
[06:00:32] reddit r/dataengineering 'snowflake hackerrank' -> 0 (new 0, total 1)
[06:00:46] reddit r/dataengineering 'snowflake codesignal' -> 0 (new 0, total 1)
[06:01:03] reddit r/dataengineering 'snowflake new grad' -> 25 (new 25, total 26)
[06:01:27] reddit r/dataengineering 'snowflake intern' -> 0 (new 0, total 26)
[06:01:48] reddit r/dataengineering 'snowflake system design' -> 0 (new 0, total 26)
[06:02:07] reddit r/dataengineering 'snowflake offer' -> 25 (new 21, total 47)
[06:02:24] reddit r/dataengineering 'snowflake rejected' -> 0 (new 0, total 47)
[06:02:46] reddit r/dataengineering 'snowflake ic1' -> 0 (new 0, total 47)
[06:03:02] reddit r/dataengineering 'snowflake ic2' -> 0 (new 0, total 47)
[06:03:17] reddit r/dataengineering 'snowflake backend interview' -> 0 (new 0, total 47)
[06:03:37] reddit r/dataengineering 'snowflake chakra' -> 0 (new 0, total 47)
[06:03:54] reddit r/dataengineering 'snowflake ai interview' -> 0 (new 0, total 47)
[06:03:57] == r/dataengineering done: 47 unique posts -> reddit_dataengineering_2026-09-13.json
[06:03:57] candidates for full-text fetch (title matches): 60
[06:04:16] ! reddit-post 1vypi4k: HTTP Error 429: Too Many Requests
[06:04:29] ! reddit-post 1vxymwa: HTTP Error 429: Too Many Requests
[06:04:41] ! reddit-post 1uhoymq: HTTP Error 429: Too Many Requests
[06:04:54] ! reddit-post 1uba5vg: HTTP Error 429: Too Many Requests
[06:05:25] ! reddit-post 1u7l2k2: HTTP Error 429: Too Many Requests
[06:05:40] ! reddit-post 1tw76w5: HTTP Error 429: Too Many Requests
[06:05:53] ! reddit-post 1tjwx5b: HTTP Error 429: Too Many Requests
[06:06:01]   reddit-post 10/60 saved (3 ok)
[06:06:16] ! reddit-post 1td9ais: HTTP Error 429: Too Many Requests
[06:06:31] ! reddit-post 1t7t1nv: HTTP Error 429: Too Many Requests
[06:06:41] ! reddit-post 1t7oiqm: HTTP Error 429: Too Many Requests
[06:06:54] ! reddit-post 1t7jdms: HTTP Error 429: Too Many Requests
[06:07:08]   reddit-post 15/60 saved (4 ok)
[06:07:27] ! reddit-post 1t0ogu7: HTTP Error 429: Too Many Requests
[06:07:42] ! reddit-post 1t0khoz: HTTP Error 429: Too Many Requests
[06:07:58] ! reddit-post 1t0ex9v: HTTP Error 429: Too Many Requests
[06:08:19] ! reddit-post 1syrrfy: HTTP Error 429: Too Many Requests
[06:08:33] ! reddit-post 1sya5g8: HTTP Error 429: Too Many Requests
[06:08:47] ! reddit-post 1ssbx68: HTTP Error 429: Too Many Requests
[06:09:22] ! reddit-post 1sloaqb: HTTP Error 429: Too Many Requests
[06:09:36] ! reddit-post 1sks9ov: HTTP Error 429: Too Many Requests
[06:09:51] ! reddit-post 1sh1cjc: HTTP Error 429: Too Many Requests
[06:10:21] ! reddit-post 1s8z9a5: HTTP Error 429: Too Many Requests
[06:10:41] ! reddit-post 1s6fjyj: HTTP Error 429: Too Many Requests
[06:10:54] ! reddit-post 1s40ics: HTTP Error 429: Too Many Requests
[06:11:28] ! reddit-post 1rzkiyg: HTTP Error 429: Too Many Requests
[06:11:45] ! reddit-post 1rq07e1: HTTP Error 429: Too Many Requests
[06:12:23] ! reddit-post 1r3pi01: HTTP Error 429: Too Many Requests
[06:12:40] ! reddit-post 1r0f7an: HTTP Error 429: Too Many Requests
[06:12:57] ! reddit-post 1qxztem: HTTP Error 429: Too Many Requests
[06:13:21] ! reddit-post 1qhs1f7: HTTP Error 429: Too Many Requests
[06:13:38] ! reddit-post 1qf7zza: HTTP Error 429: Too Many Requests
[06:13:54] ! reddit-post 1q2goye: HTTP Error 429: Too Many Requests
[06:14:16] ! reddit-post 1pzon7l: HTTP Error 429: Too Many Requests
[06:14:35] ! reddit-post 1pphtfb: HTTP Error 429: Too Many Requests
[06:14:46] ! reddit-post 1p2lbzt: HTTP Error 429: Too Many Requests
[06:14:57] ! reddit-post 1ozxidc: HTTP Error 429: Too Many Requests
[06:15:15] ! reddit-post 1ookr88: HTTP Error 429: Too Many Requests
[06:15:27] ! reddit-post 1o39zl9: HTTP Error 429: Too Many Requests
[06:15:39] ! reddit-post 1nkj70o: HTTP Error 429: Too Many Requests
[06:15:49] ! reddit-post 1ndigpa: HTTP Error 429: Too Many Requests
[06:16:25] ! reddit-post 1kl5aph: HTTP Error 429: Too Many Requests
[06:16:44] ! reddit-post 1jmuqm5: HTTP Error 429: Too Many Requests
[06:16:57] ! reddit-post 1j6h3nr: HTTP Error 429: Too Many Requests
[06:17:22] ! reddit-post 1ih43bn: HTTP Error 429: Too Many Requests
[06:17:36] ! reddit-post 1gqwfcq: HTTP Error 429: Too Many Requests
